---
source: crates/omega-core/tests/anthropic.rs
expression: project(&items)
---
[
  {
    "index": 0,
    "text": "Let me think.",
    "type": "thinking"
  },
  {
    "index": 0,
    "signature": "sig123",
    "type": "thinking_block_complete"
  },
  {
    "index": 1,
    "text": "Hello",
    "type": "text"
  },
  {
    "index": 1,
    "text": ", world!",
    "type": "text"
  },
  {
    "index": 1,
    "text": "Hello, world!",
    "type": "text_block_complete"
  },
  {
    "id": "toolu_42",
    "index": 2,
    "name": "calc",
    "type": "tool_use_block_start"
  },
  {
    "index": 2,
    "partial_json": "{\"a\":",
    "type": "tool_input"
  },
  {
    "index": 2,
    "partial_json": "1,\"b\":2}",
    "type": "tool_input"
  },
  {
    "id": "toolu_42",
    "index": 2,
    "input": {
      "a": 1,
      "b": 2
    },
    "name": "calc",
    "type": "tool_use_block_complete"
  },
  {
    "contextHash": "",
    "responseSummary": {
      "content": "[elided — use context hash]",
      "id": "msg_01",
      "model": "claude-sonnet-4-6",
      "role": "assistant",
      "stop_reason": "tool_use",
      "type": "message",
      "usage": {
        "cache_creation_input_tokens": 10,
        "cache_read_input_tokens": 5,
        "input_tokens": 25,
        "output_tokens": 87,
        "service_tier": "standard"
      }
    },
    "stopReason": "tool_use",
    "time": "[time]",
    "type": "llm_response_ended",
    "usage": {
      "cache_creation_input_tokens": 10,
      "cache_read_input_tokens": 5,
      "input_tokens": 25,
      "output_tokens": 87,
      "service_tier": "standard"
    }
  }
]
