---
source: crates/omega-core/tests/anthropic.rs
expression: "json!({\"input\": input, \"wire_body\": wire_body})"
---
{
  "input": {
    "model": "claude-opus-4-6",
    "messages": [
      {
        "role": "user",
        "content": [
          {
            "type": "text",
            "text": "What is 2+2?"
          }
        ]
      },
      {
        "role": "assistant",
        "content": [
          {
            "type": "tool_use",
            "id": "[id_1]",
            "name": "calculator",
            "input": {
              "a": 2,
              "b": 2
            }
          }
        ]
      },
      {
        "role": "user",
        "content": [
          {
            "type": "tool_result",
            "tool_use_id": "[id_1]",
            "content": "4"
          }
        ]
      }
    ],
    "system": "You are a helpful assistant.",
    "tools": [
      {
        "name": "calculator",
        "description": "Performs basic arithmetic.",
        "input_schema": {
          "type": "object",
          "properties": {
            "a": {
              "type": "number"
            },
            "b": {
              "type": "number"
            }
          },
          "required": [
            "a",
            "b"
          ]
        }
      },
      {
        "name": "read_file",
        "description": "Reads a file from disk.",
        "input_schema": {
          "type": "object",
          "properties": {
            "path": {
              "type": "string"
            }
          },
          "required": [
            "path"
          ]
        }
      }
    ],
    "config": {
      "max_tokens": 2048,
      "temperature": 0.5
    }
  },
  "wire_body": {
    "model": "claude-opus-4-6",
    "max_tokens": 2048,
    "stream": true,
    "system": [
      {
        "type": "text",
        "text": "x-anthropic-billing-header: cc_version=1.0.0; cc_entrypoint=omega; cch=00000;"
      },
      {
        "type": "text",
        "text": "You are a helpful assistant.",
        "cache_control": {
          "type": "ephemeral"
        }
      }
    ],
    "messages": [
      {
        "role": "user",
        "content": [
          {
            "type": "text",
            "text": "What is 2+2?"
          }
        ]
      },
      {
        "role": "assistant",
        "content": [
          {
            "type": "tool_use",
            "id": "[id_1]",
            "name": "calculator",
            "input": {
              "a": 2,
              "b": 2
            }
          }
        ]
      },
      {
        "role": "user",
        "content": [
          {
            "type": "tool_result",
            "tool_use_id": "[id_1]",
            "content": "4",
            "cache_control": {
              "type": "ephemeral"
            }
          }
        ]
      }
    ],
    "tools": [
      {
        "name": "calculator",
        "description": "Performs basic arithmetic.",
        "input_schema": {
          "type": "object",
          "properties": {
            "a": {
              "type": "number"
            },
            "b": {
              "type": "number"
            }
          },
          "required": [
            "a",
            "b"
          ]
        }
      },
      {
        "name": "read_file",
        "description": "Reads a file from disk.",
        "input_schema": {
          "type": "object",
          "properties": {
            "path": {
              "type": "string"
            }
          },
          "required": [
            "path"
          ]
        },
        "cache_control": {
          "type": "ephemeral"
        }
      }
    ],
    "temperature": 0.5
  }
}
