---
source: crates/omega-core/tests/anthropic.rs
expression: project(&items)
---
[
  {
    "type": "thinking",
    "index": 0,
    "text": "Let me think."
  },
  {
    "type": "thinking_block_complete",
    "index": 0,
    "signature": "sig123"
  },
  {
    "type": "text",
    "index": 1,
    "text": "Hello"
  },
  {
    "type": "text",
    "index": 1,
    "text": ", world!"
  },
  {
    "type": "text_block_complete",
    "index": 1,
    "text": "Hello, world!"
  },
  {
    "type": "tool_use_block_start",
    "index": 2,
    "id": "toolu_42",
    "name": "calc"
  },
  {
    "type": "tool_input",
    "index": 2,
    "partial_json": "{\"a\":"
  },
  {
    "type": "tool_input",
    "index": 2,
    "partial_json": "1,\"b\":2}"
  },
  {
    "type": "tool_use_block_complete",
    "index": 2,
    "id": "toolu_42",
    "name": "calc",
    "input": {
      "a": 1,
      "b": 2
    }
  },
  {
    "type": "llm_response_ended",
    "time": "[time]",
    "stopReason": "tool_use",
    "usage": {
      "input_tokens": 25,
      "output_tokens": 87,
      "cache_creation_input_tokens": 10,
      "cache_read_input_tokens": 5,
      "service_tier": "standard"
    },
    "contextHash": "",
    "responseSummary": {
      "id": "msg_01",
      "type": "message",
      "role": "assistant",
      "model": "claude-sonnet-4-6",
      "stop_reason": "tool_use",
      "usage": {
        "input_tokens": 25,
        "output_tokens": 87,
        "cache_creation_input_tokens": 10,
        "cache_read_input_tokens": 5,
        "service_tier": "standard"
      },
      "content": "[elided — use context hash]"
    }
  }
]
