---
source: crates/omega-core/tests/ollama.rs
expression: project(&items)
---
[
  {
    "type": "thinking",
    "index": 0,
    "text": "Let me think."
  },
  {
    "type": "text",
    "index": 0,
    "text": "Hello"
  },
  {
    "type": "text",
    "index": 0,
    "text": ", world!"
  },
  {
    "type": "tool_use_block_complete",
    "index": 0,
    "tool_use_id": "tc_1",
    "name": "calc",
    "input": {
      "a": 1,
      "b": 2
    }
  },
  {
    "type": "llm_response_ended",
    "time": "[time]",
    "stopReason": "tool_calls",
    "usage": {
      "input_tokens": 25,
      "output_tokens": 87
    },
    "contextHash": ""
  }
]
