---
source: crates/omega-cli/tests/cli.rs
expression: stderr
---
Session: [SESSION_DIR]
feature flags: subagents=false; tool_selection=read_file,write_file,run_command,edit_file,list_files,web_search,fetch_url,grep_files,find_files,run_background,wait_for_output,write_stdin,monitor,stop_monitor
AGENTS.md: not found in repo
.
[turn complete | in=7 out=2 cache_hit=0 cache_write=0]
