---
source: tests/snapshots.rs
expression: html
---
<div data-testid="leptos-event-block" data-event-type="thinking_block" data-event-kind="assistant" data-partial="true" class="block block-assistant"><div class="block-label-row"><span data-testid="leptos-block-partial" class="block-discarded-header">Discarded thinking — 31 chars</span><button data-testid="leptos-thinking-block-expand" class="block-label-row-btn">more</button></div><pre data-testid="leptos-thinking-block-body" class="block-body block-discarded-body thinking-body-clamped">thinking interrupted mid-stream</pre><span class="block-timestamp">00:00:01</span></div>
