---
source: tests/snapshots.rs
expression: html
---
<div data-testid="leptos-event-block" data-event-type="session_resumed" data-event-kind="status" class="block block-status"><span class="block-label">session_resumed</span><div data-testid="md-body" class="block-body md-body"><p><strong>Resumed</strong> with progress.</p>
</div><span class="block-timestamp">00:00:06.000</span></div>
