---
source: tests/snapshots.rs
expression: html
---
<div data-testid="leptos-event-block" data-event-type="tool_call" data-event-kind="tool_call" class="block block-tool-call"><div data-testid="leptos-tool-call-input" class="block-label-row"><!><span data-testid="leptos-tool-name" class="block-label">run_command</span><span data-testid="leptos-tool-call-preview" class="block-tool-preview">echo hi</span><button data-testid="leptos-tool-call-payload" class="block-label-row-btn">input</button></div></div>
