---
source: tests/snapshots.rs
expression: html
---
<div data-testid="leptos-event-block" data-event-type="session_started" data-event-kind="status" class="block block-status"><span class="block-label">session_started</span><span class="block-body">model: claude-sonnet-4-6 · effort: medium</span><button title="Click to copy: 2025-01-01T00:00:00.000Z" class="block-timestamp">00:00:00.000</button></div>
