---
source: tests/snapshots.rs
expression: html
---
<div data-testid="queue-panel" class="bottom-panel queue-panel"><h3 class="panel-heading">Prompts</h3><!><!--<() />--><table data-testid="queue-table" class="panel-table queue-table"><thead><tr><th>Source</th><th>Content</th><th>Queued At</th><th></th></tr></thead><tbody><tr data-testid="queue-item" class="queue-item"><td data-testid="queue-item-source" class="queue-item-source">Monitor watch-1</td><td data-testid="queue-item-preview" class="queue-item-preview">build failed</td><td class="queue-item-time"><button title="Click to copy: 2025-01-01T00:00:00.000Z" class="block-timestamp-pill">00:00:00.000</button></td><td class="queue-item-actions"><!><!--<() />--></td></tr><!></tbody></table></div>
