---
source: tests/snapshots.rs
expression: html
---
<div data-testid="leptos-event-block" data-event-type="resuming_session" data-event-kind="status" class="block block-status"><span class="block-label">resuming_session</span><span class="block-body">from: 2024-01-01T00-00-00-000-source · basis: ABCD</span></div>
