---
source: tests/snapshots.rs
expression: html
---
<div data-testid="leptos-event-block" data-event-type="user_message" data-event-kind="user" class="block block-user"><span class="block-label">User message</span><pre data-testid="leptos-user-content" class="block-body">hello world</pre><button title="Click to copy: 2025-01-01T00:00:00.000Z" class="block-timestamp">00:00:00.000</button></div>
