---
source: tests/snapshots.rs
expression: html
---
<div data-testid="monitors-panel" class="bottom-panel monitors-panel"><!><!--<() />--><table data-testid="monitors-table" class="panel-table monitors-table"><thead><tr><th>ID</th><th>Description</th><th>Command</th><th>Status</th><th>Started</th><th>Events fired</th><th>Stderr tail</th></tr></thead><tbody><tr data-testid="monitors-row" data-monitor-id="m1" class="monitors-row"><td class="mt-id"><code>m1</code></td><td class="mt-description">desc-m1</td><td class="mt-command"><code>cmd m1</code></td><td class="mt-status"><span class="mt-status-running">running</span></td><td class="mt-started">2025-01-01T00:00:00Z</td><td class="mt-fired">7</td><td class="mt-stderr"><pre class="mt-stderr-pre">stderr line 1
stderr line 2</pre></td></tr><!></tbody></table></div>
