---
source: tests/snapshots.rs
expression: html
---
<button data-testid="monitors-badge" title="Live monitors — click to inspect" class="monitors-badge"><span data-testid="monitors-badge-count" class="monitors-badge-count">1<!> running</span><span data-testid="monitors-badge-fired" class="monitors-badge-fired">8<!> fired</span></button><!><!--<() />-->
