---
source: tests/snapshots.rs
expression: html
---
<div data-testid="leptos-event-block" data-event-type="thinking_block" data-event-kind="assistant" class="block block-assistant"><div class="block-label-row"><span class="block-label">Thinking</span><button data-testid="leptos-thinking-block-expand" class="block-label-row-btn thinking-toggle-btn">More</button><button title="Click to copy: 2025-01-01T00:00:01.250Z" class="block-timestamp-pill">00:00:01.250</button></div><pre data-testid="leptos-thinking-block-body" class="block-body thinking-body-clamped">step one
step two
step three
step four
step five — exceeds 4-line clamp</pre><!></div>
