---
source: tests/snapshots.rs
expression: html
---
<div data-testid="leptos-event-block" data-event-type="session_started" data-event-kind="status" class="block block-status"><div class="block-label-row"><span class="block-label">session_started</span><span class="block-meta">model: claude-sonnet-4-6 · effort: medium</span><button data-testid="leptos-session-started-system-prompt" class="block-label-row-btn">system prompt</button><button title="Click to copy: 2025-01-01T00:00:00.000Z" class="block-timestamp-pill">00:00:00.000</button></div><!></div>
