---
source: tests/snapshots.rs
expression: html
---
<div data-testid="monitors-panel" class="bottom-panel monitors-panel"><!><!--<() />--><table data-testid="monitors-table" class="panel-table monitors-table"><thead><tr><th>ID</th><th>Description</th><th>Command</th><th>Status</th><th>Started</th><th># Events</th><th>Stderr</th></tr></thead><tbody><tr data-testid="monitors-row" data-monitor-id="m2" class="monitors-row"><td class="mt-id"><code>m2</code></td><td class="mt-description">desc-m2</td><td class="mt-command"><code>cmd m2</code></td><td class="mt-status"><span class="mt-status-stopped">stopped</span></td><td class="mt-started"><button title="Click to copy: 2025-01-01T00:00:00Z" class="block-timestamp-pill">2025-01-01T00:00:00Z</button></td><td class="mt-fired">0</td><td class="mt-stderr"><!><!--<() />--></td></tr><!></tbody></table></div>
