---
source: tests/snapshots.rs
expression: html
---
<div data-testid="leptos-event-block" data-event-type="text_block" data-event-kind="assistant" class="block block-assistant"><div data-testid="leptos-assistant-text"><div data-testid="md-body" class="block-body md-body"><pre><code class="language-diff">+ added
- removed
</code></pre>
</div></div><!></div>
