---
source: tests/snapshots.rs
expression: html
---
<div data-testid="leptos-event-block" data-event-type="llm_response_ended" data-event-kind="status" class="block block-status"><div class="block-label-row"><span class="block-label">LLM response end</span><!><div class="block-label-row-actions"><span data-testid="leptos-assistant-usage" class="block-label-info">in: 10  out: 5  cache_read: 0  cache_write: 0</span><button data-testid="leptos-llm-response-context" class="block-label-row-btn">context</button><button data-testid="leptos-llm-response-payload" class="block-label-row-btn">payload</button></div><span class="block-timestamp-pill">00:00:01.500</span></div><!></div>
