---
source: tests/snapshots.rs
expression: html
---
<div data-testid="leptos-event-block" data-event-type="turn_end" data-event-kind="status" class="block block-status"><span class="block-label">turn_end</span><span class="block-body">turn end · in: 100 · out: 20</span><button title="Click to copy: 2025-01-01T00:00:04.000Z" class="block-timestamp">00:00:04.000</button></div>
