---
source: crates/omega-server/tests/ws_router.rs
expression: "serde_json::to_string_pretty(&redact(info)).unwrap()"
---
{
  "type": "session_info",
  "dir": "[REDACTED]",
  "model": "claude-sonnet-4-6",
  "effort": "medium",
  "cwd": "[REDACTED]",
  "turnState": "idle",
  "hasPendingChanges": "[REDACTED]",
  "features": {
    "repl": false,
    "subagents": false,
    "repl_replaces_fileops": false
  }
}
