---
source: crates/omega-server/tests/ws_router.rs
expression: "serde_json::to_string_pretty(&redact(info)).unwrap()"
---
{
  "type": "session_info",
  "dir": "[REDACTED]",
  "model": "claude-opus-4-8",
  "effort": "high",
  "cwd": "[REDACTED]",
  "turnState": "idle",
  "hasPendingChanges": "[REDACTED]",
  "features": {
    "subagents": false
  },
  "editorConfigured": "[REDACTED]"
}
